<?xml version="1.0" encoding="utf-8"?>
<TestRun id="18374034-5a06-43df-a5b0-514438348099" name="@runner 2021-04-14 12:21:07" xmlns="http://microsoft.com/schemas/VisualStudio/TeamTest/2010">
  <Times creation="2021-04-14T12:21:07.4539825+00:00" queuing="2021-04-14T12:21:07.4539826+00:00" start="2021-04-14T12:21:04.9146955+00:00" finish="2021-04-14T12:21:07.4638160+00:00" />
  <TestSettings name="default" id="93c63022-578d-4635-a224-30004e44d2a8" />
  <TestLists>
    <TestList name="Results Not in a List" id="8c84fa94-04c1-424b-9868-57a2d4851a1d" />
  </TestLists>
  <ResultSummary outcome="Completed">
    <Counters total="0" executed="0" passed="0" failed="0" error="0" timeout="0" aborted="0" inconclusive="0" passedButRunAborted="0" notRunnable="0" notExecuted="0" disconnected="0" warning="0" completed="0" inProgress="0" pending="0" />
    <Output>
      <StdOut>test discoverer &amp; executors are registered; List&lt;T&gt;; a=1&amp;b=2; line&#xD;&#xA;break<![CDATA[; inert <!DOCTYPE html> and <!ENTITY entity "value"> text]]></StdOut>
    </Output>
    <!-- inert <!DOCTYPE html> and <!ENTITY entity "value"> text -->
    <RunInfos>
      <RunInfo computerName="PUBLIC &amp; SYSTEM runner" outcome="Warning" timestamp="2021-04-14T12:21:07.3568548+00:00">
        <Text>No test is available. PUBLIC and SYSTEM are ordinary words here.</Text>
      </RunInfo>
    </RunInfos>
  </ResultSummary>
</TestRun>
